// Jest Snapshot v1, https://goo.gl/fbAQLP

exports[`Shelf test Shelf should match snapshot 1`] = `
<div
  className="bookshelf"
>
  <h2
    className="bookshelf-title"
  />
  <div
    className="bookshelf-books"
  >
    <ol
      className="books-grid"
    >
      <li>
        <div
          className="book"
        >
          <div
            className="book-top"
          >
            <div
              className="book-cover"
              style={
                Object {
                  "backgroundImage": "url()",
                  "height": 193,
                  "width": 128,
                }
              }
            />
            <div
              className="book-shelf-changer"
            >
              <select
                onChange={[Function]}
                value="none"
              >
                <option
                  disabled={true}
                  value="move"
                >
                  Move to...
                </option>
                <option
                  disabled={false}
                  value="currentlyReading"
                >
                  Currently Reading
                </option>
                <option
                  disabled={false}
                  value="read"
                >
                  Read
                </option>
                <option
                  disabled={false}
                  value="none"
                >
                  None
                </option>
              </select>
            </div>
          </div>
          <div
            className="book-title"
          >
            Title 1
          </div>
        </div>
      </li>
    </ol>
  </div>
</div>
`;
